// Vitest Snapshot v1, https://vitest.dev/guide/snapshot.html

exports[`JobSection.vue > matches the snapshot 1`] = `
"<div class="form">
  <fieldset data-v-7fdf210c="" class="dynamic-list" id="jobs">
    <details data-v-7fdf210c="" name="skills-curtain" open="">
      <summary data-v-7fdf210c="">
        <header data-v-7fdf210c="">
          <legend data-v-7fdf210c="">Work Experience</legend>
          <div data-v-7fdf210c="" class="buttons"><button data-v-7fdf210c="" class="primary icon" data-action="add"><svg data-v-7fdf210c="" xmlns="http://www.w3.org/2000/svg" fill="none" stroke="currentColor" viewBox="0 0 24 24">
                <path stroke-linecap="round" stroke-linejoin="round" stroke-width="2" d="M12 6v6m0 0v6m0-6h6m-6 0H6"></path>
              </svg></button>
            <!--v-if-->
          </div>
        </header>
      </summary>
      <ul data-v-7fdf210c="" class="dynamic-list__items">
        <li data-v-7fdf210c="" class="list-item list-item--column">
          <fieldset id="job-0">
            <details name="jobs-curtain" open="">
              <summary>
                <header>
                  <legend>University of the Banana</legend>
                </header>
              </summary>
              <div class="form">
                <div data-v-b9645e84="" class="form-field"><input data-v-b9645e84="" fieldtype="" id="company-0" id-prop="" class="form-field__input" placeholder="Google" required="" aria-labelledby="company-0" aria-describedby="company-0-helper" modelvalue="University of the Banana" value="University of the Banana"><label data-v-b9645e84="" for="company-0">Company</label><small data-v-b9645e84="" id="\`\${id}-helper\`" class="help-text">Enter the name of the company you worked at.</small>
                  <!--v-if-->
                </div>
                <div data-v-b9645e84="" class="form-field"><input data-v-b9645e84="" fieldtype="" id="jobLocation-0" id-prop="" class="form-field__input" placeholder="San Francisco, USA" aria-labelledby="jobLocation-0" aria-describedby="jobLocation-0-helper" modelvalue="Online" value="Online"><label data-v-b9645e84="" for="jobLocation-0">Location</label><small data-v-b9645e84="" id="\`\${id}-helper\`" class="help-text">Enter the location of the company.</small>
                  <!--v-if-->
                </div>
                <div data-v-b9645e84="" class="form-field"><input data-v-b9645e84="" fieldtype="" id="jobRole-0" id-prop="" class="form-field__input" placeholder="Software Engineer" required="" aria-labelledby="jobRole-0" aria-describedby="jobRole-0-helper" modelvalue="" value=""><label data-v-b9645e84="" for="jobRole-0">Role</label><small data-v-b9645e84="" id="\`\${id}-helper\`" class="help-text">Enter your role or job title.</small>
                  <!--v-if-->
                </div>
                <div data-v-b9645e84="" class="form-field"><input data-v-b9645e84="" fieldtype="" id="jobIndustry-0" id-prop="" class="form-field__input" placeholder="Tech" required="" aria-labelledby="jobIndustry-0" aria-describedby="jobIndustry-0-helper" modelvalue="Education" value="Education"><label data-v-b9645e84="" for="jobIndustry-0">Industry</label><small data-v-b9645e84="" id="\`\${id}-helper\`" class="help-text">Enter the industry of the company.</small>
                  <!--v-if-->
                </div>
                <fieldset>
                  <header>
                    <legend>Period</legend>
                  </header>
                  <div data-v-b9645e84="" class="form-field"><input data-v-b9645e84="" fieldtype="" id="jobStartDate-0" id-prop="" class="form-field__input" placeholder="01/2022" required="" aria-labelledby="jobStartDate-0" aria-describedby="jobStartDate-0-helper" modelvalue="2001-01-01" type="date" value="2001-01-01"><label data-v-b9645e84="" for="jobStartDate-0">Start Date</label><small data-v-b9645e84="" id="\`\${id}-helper\`" class="help-text">Enter the start date of your job.</small>
                    <!--v-if-->
                  </div>
                  <div data-v-b9645e84="" class="form-field"><input data-v-b9645e84="" fieldtype="" id="jobEndDate-0" id-prop="" class="form-field__input" placeholder="01/2024" aria-labelledby="jobEndDate-0" aria-describedby="jobEndDate-0-helper" modelvalue="2023-01-01" type="date" value="2023-01-01"><label data-v-b9645e84="" for="jobEndDate-0">End Date</label><small data-v-b9645e84="" id="\`\${id}-helper\`" class="help-text">Enter the end date of your job.</small>
                    <!--v-if-->
                  </div>
                </fieldset>
                <div data-v-b9645e84="" class="form-field"><textarea data-v-b9645e84="" fieldtype="" id="jobDescription-0" id-prop="" class="form-field__input" placeholder="I worked on..." aria-labelledby="jobDescription-0" aria-describedby="jobDescription-0-helper" modelvalue="This was a very tough 5-minute job." type="textarea" value="This was a very tough 5-minute job."><!--v-if--></textarea><label data-v-b9645e84="" for="jobDescription-0">Description</label><small data-v-b9645e84="" id="\`\${id}-helper\`" class="help-text">Enter a description of your role and responsibilities.</small>
                  <!--v-if-->
                </div>
                <fieldset data-v-7fdf210c="" class="dynamic-list" id="jobResponsibilities">
                  <details data-v-7fdf210c="" name="jobResponsibilities-curtain" open="">
                    <summary data-v-7fdf210c="">
                      <header data-v-7fdf210c="">
                        <legend data-v-7fdf210c="">Responsibilities</legend>
                        <div data-v-7fdf210c="" class="buttons"><button data-v-7fdf210c="" class="primary icon" data-action="add"><svg data-v-7fdf210c="" xmlns="http://www.w3.org/2000/svg" fill="none" stroke="currentColor" viewBox="0 0 24 24">
                              <path stroke-linecap="round" stroke-linejoin="round" stroke-width="2" d="M12 6v6m0 0v6m0-6h6m-6 0H6"></path>
                            </svg></button>
                          <!--v-if-->
                        </div>
                      </header>
                    </summary>
                    <ul data-v-7fdf210c="" class="dynamic-list__items">
                      <li data-v-7fdf210c="" class="list-item">
                        <div data-v-b9645e84="" class="form-field"><input data-v-b9645e84="" fieldtype="" id="responsibility-0" id-prop="" class="form-field__input" placeholder="Developed, tested, deployed..." aria-labelledby="responsibility-0" aria-describedby="responsibility-0-helper" modelvalue="Being awesome" type="text" value="Being awesome"><label data-v-b9645e84="" for="responsibility-0">Responsibility</label><small data-v-b9645e84="" id="\`\${id}-helper\`" class="help-text">Enter a responsibility.</small>
                          <!--v-if-->
                        </div><button class="secondary" data-action="remove">deleteResponsibility</button>
                      </li>
                    </ul>
                  </details>
                </fieldset>
                <fieldset>
                  <header>
                    <legend>Technical Skills</legend>
                  </header>
                  <div data-v-b9645e84="" class="form-field">
                    <div data-v-cbf88cb5="" data-v-b9645e84="" class="tag-input form-field__input" required="false" aria-labelledby="jobSkillsLanguages-0" aria-describedby="jobSkillsLanguages-0-helper" type="skills">
                      <div data-v-cbf88cb5="" class="tags"><span data-v-cbf88cb5="" class="tag">JavaScript <button data-v-cbf88cb5="" class="remove">×</button></span><span data-v-cbf88cb5="" class="tag">TypeScript <button data-v-cbf88cb5="" class="remove">×</button></span></div><input data-v-cbf88cb5="" type="search" placeholder="Add languages (e.g., JavaScript, Python)" id="jobSkillsLanguages-0" list="jobSkillsLanguages-0-datalist"><datalist data-v-cbf88cb5="" id="jobSkillsLanguages-0-datalist">
                        <option data-v-cbf88cb5="" value="HTML"></option>
                        <option data-v-cbf88cb5="" value="CSS"></option>
                      </datalist>
                    </div><label data-v-b9645e84="" for="jobSkillsLanguages-0">Programming, scripting, and markup languages</label><small data-v-b9645e84="" id="\`\${id}-helper\`" class="help-text">Enter all languages you are familiar with.</small>
                    <!--v-if-->
                  </div>
                  <div data-v-b9645e84="" class="form-field">
                    <div data-v-cbf88cb5="" data-v-b9645e84="" class="tag-input form-field__input" required="false" aria-labelledby="jobSkillsFrameworks-0" aria-describedby="jobSkillsFrameworks-0-helper" type="skills">
                      <div data-v-cbf88cb5="" class="tags"><span data-v-cbf88cb5="" class="tag">Vue.js <button data-v-cbf88cb5="" class="remove">×</button></span><span data-v-cbf88cb5="" class="tag">React <button data-v-cbf88cb5="" class="remove">×</button></span></div><input data-v-cbf88cb5="" type="search" placeholder="Add frameworks (e.g., Angular, Symfony, Laravel)" id="jobSkillsFrameworks-0" list="jobSkillsFrameworks-0-datalist">
                      <!--v-if-->
                    </div><label data-v-b9645e84="" for="jobSkillsFrameworks-0">(Web) frameworks</label><small data-v-b9645e84="" id="\`\${id}-helper\`" class="help-text">Enter all frameworks you are familiar with.</small>
                    <!--v-if-->
                  </div>
                  <div data-v-b9645e84="" class="form-field">
                    <div data-v-cbf88cb5="" data-v-b9645e84="" class="tag-input form-field__input" required="false" aria-labelledby="jobSkillsPlatforms-0" aria-describedby="jobSkillsPlatforms-0-helper" type="skills">
                      <div data-v-cbf88cb5="" class="tags"><span data-v-cbf88cb5="" class="tag">Node.js <button data-v-cbf88cb5="" class="remove">×</button></span><span data-v-cbf88cb5="" class="tag">Docker <button data-v-cbf88cb5="" class="remove">×</button></span></div><input data-v-cbf88cb5="" type="search" placeholder="Add platforms (e.g., AWS, Azure, Docker)" id="jobSkillsPlatforms-0" list="jobSkillsPlatforms-0-datalist">
                      <!--v-if-->
                    </div><label data-v-b9645e84="" for="jobSkillsPlatforms-0">Platforms</label><small data-v-b9645e84="" id="\`\${id}-helper\`" class="help-text">Enter all platforms you are familiar with.</small>
                    <!--v-if-->
                  </div>
                  <div data-v-b9645e84="" class="form-field">
                    <div data-v-cbf88cb5="" data-v-b9645e84="" class="tag-input form-field__input" required="false" aria-labelledby="jobSkillsMethodologies-0" aria-describedby="jobSkillsMethodologies-0-helper" type="skills">
                      <div data-v-cbf88cb5="" class="tags"><span data-v-cbf88cb5="" class="tag">Agile <button data-v-cbf88cb5="" class="remove">×</button></span><span data-v-cbf88cb5="" class="tag">Scrum <button data-v-cbf88cb5="" class="remove">×</button></span></div><input data-v-cbf88cb5="" type="search" placeholder="Add methodologies (e.g., Agile, Scrum, Kanban)" id="jobSkillsMethodologies-0" list="jobSkillsMethodologies-0-datalist">
                      <!--v-if-->
                    </div><label data-v-b9645e84="" for="jobSkillsMethodologies-0">Methodologies and techniques</label><small data-v-b9645e84="" id="\`\${id}-helper\`" class="help-text">Enter all methodologies you are familiar with.</small>
                    <!--v-if-->
                  </div>
                  <div data-v-b9645e84="" class="form-field">
                    <div data-v-cbf88cb5="" data-v-b9645e84="" class="tag-input form-field__input" required="false" aria-labelledby="jobSkillsOperatingSystems-0" aria-describedby="jobSkillsOperatingSystems-0-helper" type="skills">
                      <div data-v-cbf88cb5="" class="tags"><span data-v-cbf88cb5="" class="tag">Windows <button data-v-cbf88cb5="" class="remove">×</button></span><span data-v-cbf88cb5="" class="tag">Linux <button data-v-cbf88cb5="" class="remove">×</button></span></div><input data-v-cbf88cb5="" type="search" placeholder="Add operating systems (e.g., Windows, macOS, Linux)" id="jobSkillsOperatingSystems-0" list="jobSkillsOperatingSystems-0-datalist"><datalist data-v-cbf88cb5="" id="jobSkillsOperatingSystems-0-datalist">
                        <option data-v-cbf88cb5="" value="MacOS"></option>
                      </datalist>
                    </div><label data-v-b9645e84="" for="jobSkillsOperatingSystems-0">Operating systems</label><small data-v-b9645e84="" id="\`\${id}-helper\`" class="help-text">Enter all operating systems you are familiar with.</small>
                    <!--v-if-->
                  </div>
                  <div data-v-b9645e84="" class="form-field">
                    <div data-v-cbf88cb5="" data-v-b9645e84="" class="tag-input form-field__input" required="false" aria-labelledby="jobSkillsDatabases-0" aria-describedby="jobSkillsDatabases-0-helper" type="skills">
                      <div data-v-cbf88cb5="" class="tags"><span data-v-cbf88cb5="" class="tag">MongoDB <button data-v-cbf88cb5="" class="remove">×</button></span><span data-v-cbf88cb5="" class="tag">PostgreSQL <button data-v-cbf88cb5="" class="remove">×</button></span></div><input data-v-cbf88cb5="" type="search" placeholder="Add databases (e.g., MySQL, PostgreSQL, MongoDB)" id="jobSkillsDatabases-0" list="jobSkillsDatabases-0-datalist">
                      <!--v-if-->
                    </div><label data-v-b9645e84="" for="jobSkillsDatabases-0">Databases</label><small data-v-b9645e84="" id="\`\${id}-helper\`" class="help-text">Enter all databases you are familiar with.</small>
                    <!--v-if-->
                  </div>
                  <div data-v-b9645e84="" class="form-field">
                    <div data-v-cbf88cb5="" data-v-b9645e84="" class="tag-input form-field__input" required="false" aria-labelledby="jobSkillsTools-0" aria-describedby="jobSkillsTools-0-helper" type="skills">
                      <div data-v-cbf88cb5="" class="tags"><span data-v-cbf88cb5="" class="tag">Git <button data-v-cbf88cb5="" class="remove">×</button></span><span data-v-cbf88cb5="" class="tag">Docker <button data-v-cbf88cb5="" class="remove">×</button></span></div><input data-v-cbf88cb5="" type="search" placeholder="Add tools (e.g., Git, Docker, Jenkins)" id="jobSkillsTools-0" list="jobSkillsTools-0-datalist">
                      <!--v-if-->
                    </div><label data-v-b9645e84="" for="jobSkillsTools-0">Tools and libraries</label><small data-v-b9645e84="" id="\`\${id}-helper\`" class="help-text">Enter all tools you are familiar with.</small>
                    <!--v-if-->
                  </div>
                </fieldset><button class="secondary" data-action="remove">Delete Job</button>
              </div>
            </details>
          </fieldset>
        </li>
      </ul>
    </details>
  </fieldset>
  <fieldset data-v-7fdf210c="" class="dynamic-list" id="personalProjects">
    <details data-v-7fdf210c="" name="skills-curtain" open="">
      <summary data-v-7fdf210c="">
        <header data-v-7fdf210c="">
          <legend data-v-7fdf210c="">Personal Projects</legend>
          <div data-v-7fdf210c="" class="buttons"><button data-v-7fdf210c="" class="primary icon" data-action="add"><svg data-v-7fdf210c="" xmlns="http://www.w3.org/2000/svg" fill="none" stroke="currentColor" viewBox="0 0 24 24">
                <path stroke-linecap="round" stroke-linejoin="round" stroke-width="2" d="M12 6v6m0 0v6m0-6h6m-6 0H6"></path>
              </svg></button>
            <!--v-if-->
          </div>
        </header>
      </summary>
      <ul data-v-7fdf210c="" class="dynamic-list__items">
        <li data-v-7fdf210c="" class="list-item list-item--column">
          <fieldset id="personalProject-0">
            <details name="job-curtain" open="">
              <summary>
                <header>
                  <legend>Project 1</legend>
                </header>
              </summary>
              <div data-v-b9645e84="" class="form-field"><input data-v-b9645e84="" fieldtype="" id="personal-project-0" id-prop="" class="form-field__input" placeholder="Portfolio Website" required="" aria-labelledby="personal-project-0" aria-describedby="personal-project-0-helper" modelvalue="Project 1" value="Project 1"><label data-v-b9645e84="" for="personal-project-0">Title</label><small data-v-b9645e84="" id="\`\${id}-helper\`" class="help-text">Enter the title of the personal project.</small>
                <!--v-if-->
              </div>
              <fieldset>
                <header>
                  <legend>Period</legend>
                </header>
                <div data-v-b9645e84="" class="form-field"><input data-v-b9645e84="" fieldtype="" id="personalProjectStartDate-0" id-prop="" class="form-field__input" placeholder="01/2022" required="" aria-labelledby="personalProjectStartDate-0" aria-describedby="personalProjectStartDate-0-helper" modelvalue="2001-01-01" type="date" value="2001-01-01"><label data-v-b9645e84="" for="personalProjectStartDate-0">Start Date</label><small data-v-b9645e84="" id="\`\${id}-helper\`" class="help-text">Enter the start date of your job.</small>
                  <!--v-if-->
                </div>
                <div data-v-b9645e84="" class="form-field"><input data-v-b9645e84="" fieldtype="" id="personalProjectEndDate-0" id-prop="" class="form-field__input" placeholder="01/2024" aria-labelledby="personalProjectEndDate-0" aria-describedby="personalProjectEndDate-0-helper" modelvalue="2023-01-01" type="date" value="2023-01-01"><label data-v-b9645e84="" for="personalProjectEndDate-0">End Date</label><small data-v-b9645e84="" id="\`\${id}-helper\`" class="help-text">Enter the end date of your job.</small>
                  <!--v-if-->
                </div>
              </fieldset>
              <div data-v-b9645e84="" class="form-field"><textarea data-v-b9645e84="" fieldtype="" id="personalProjectDescription-0" id-prop="" class="form-field__input" placeholder="I worked on..." aria-labelledby="personalProjectDescription-0" aria-describedby="personalProjectDescription-0-helper" modelvalue="This was a very tough 5-minute project." type="textarea" value="This was a very tough 5-minute project."><!--v-if--></textarea><label data-v-b9645e84="" for="personalProjectDescription-0">Description</label><small data-v-b9645e84="" id="\`\${id}-helper\`" class="help-text">Enter a description of your role and responsibilities.</small>
                <!--v-if-->
              </div>
              <fieldset>
                <header>
                  <legend>Technical Skills</legend>
                </header>
                <div data-v-b9645e84="" class="form-field">
                  <div data-v-cbf88cb5="" data-v-b9645e84="" class="tag-input form-field__input" required="false" aria-labelledby="personalProjectSkillsLanguages-0" aria-describedby="personalProjectSkillsLanguages-0-helper" type="skills">
                    <div data-v-cbf88cb5="" class="tags"><span data-v-cbf88cb5="" class="tag">JavaScript <button data-v-cbf88cb5="" class="remove">×</button></span><span data-v-cbf88cb5="" class="tag">TypeScript <button data-v-cbf88cb5="" class="remove">×</button></span></div><input data-v-cbf88cb5="" type="search" placeholder="Add languages (e.g., JavaScript, Python)" id="personalProjectSkillsLanguages-0" list="personalProjectSkillsLanguages-0-datalist"><datalist data-v-cbf88cb5="" id="personalProjectSkillsLanguages-0-datalist">
                      <option data-v-cbf88cb5="" value="HTML"></option>
                      <option data-v-cbf88cb5="" value="CSS"></option>
                    </datalist>
                  </div><label data-v-b9645e84="" for="personalProjectSkillsLanguages-0">Programming, scripting, and markup languages</label><small data-v-b9645e84="" id="\`\${id}-helper\`" class="help-text">Enter all languages you are familiar with.</small>
                  <!--v-if-->
                </div>
                <div data-v-b9645e84="" class="form-field">
                  <div data-v-cbf88cb5="" data-v-b9645e84="" class="tag-input form-field__input" required="false" aria-labelledby="personalProjectSkillsFrameworks-0" aria-describedby="personalProjectSkillsFrameworks-0-helper" type="skills">
                    <div data-v-cbf88cb5="" class="tags"><span data-v-cbf88cb5="" class="tag">Vue.js <button data-v-cbf88cb5="" class="remove">×</button></span><span data-v-cbf88cb5="" class="tag">React <button data-v-cbf88cb5="" class="remove">×</button></span></div><input data-v-cbf88cb5="" type="search" placeholder="Add frameworks (e.g., Angular, Symfony, Laravel)" id="personalProjectSkillsFrameworks-0" list="personalProjectSkillsFrameworks-0-datalist">
                    <!--v-if-->
                  </div><label data-v-b9645e84="" for="personalProjectSkillsFrameworks-0">(Web) frameworks</label><small data-v-b9645e84="" id="\`\${id}-helper\`" class="help-text">Enter all frameworks you are familiar with.</small>
                  <!--v-if-->
                </div>
                <div data-v-b9645e84="" class="form-field">
                  <div data-v-cbf88cb5="" data-v-b9645e84="" class="tag-input form-field__input" required="false" aria-labelledby="personalProjectSkillsPlatforms-0" aria-describedby="personalProjectSkillsPlatforms-0-helper" type="skills">
                    <div data-v-cbf88cb5="" class="tags"><span data-v-cbf88cb5="" class="tag">Node.js <button data-v-cbf88cb5="" class="remove">×</button></span><span data-v-cbf88cb5="" class="tag">Docker <button data-v-cbf88cb5="" class="remove">×</button></span></div><input data-v-cbf88cb5="" type="search" placeholder="Add platforms (e.g., AWS, Azure, Docker)" id="personalProjectSkillsPlatforms-0" list="personalProjectSkillsPlatforms-0-datalist">
                    <!--v-if-->
                  </div><label data-v-b9645e84="" for="personalProjectSkillsPlatforms-0">Platforms</label><small data-v-b9645e84="" id="\`\${id}-helper\`" class="help-text">Enter all platforms you are familiar with.</small>
                  <!--v-if-->
                </div>
                <div data-v-b9645e84="" class="form-field">
                  <div data-v-cbf88cb5="" data-v-b9645e84="" class="tag-input form-field__input" required="false" aria-labelledby="personalProjectSkillsMethodologies-0" aria-describedby="personalProjectSkillsMethodologies-0-helper" type="skills">
                    <div data-v-cbf88cb5="" class="tags"><span data-v-cbf88cb5="" class="tag">Agile <button data-v-cbf88cb5="" class="remove">×</button></span><span data-v-cbf88cb5="" class="tag">Scrum <button data-v-cbf88cb5="" class="remove">×</button></span></div><input data-v-cbf88cb5="" type="search" placeholder="Add methodologies (e.g., Agile, Scrum, Kanban)" id="personalProjectSkillsMethodologies-0" list="personalProjectSkillsMethodologies-0-datalist">
                    <!--v-if-->
                  </div><label data-v-b9645e84="" for="personalProjectSkillsMethodologies-0">Methodologies and techniques</label><small data-v-b9645e84="" id="\`\${id}-helper\`" class="help-text">Enter all methodologies you are familiar with.</small>
                  <!--v-if-->
                </div>
                <div data-v-b9645e84="" class="form-field">
                  <div data-v-cbf88cb5="" data-v-b9645e84="" class="tag-input form-field__input" required="false" aria-labelledby="personalProjectSkillsOperatingSystems-0" aria-describedby="personalProjectSkillsOperatingSystems-0-helper" type="skills">
                    <div data-v-cbf88cb5="" class="tags"><span data-v-cbf88cb5="" class="tag">Windows <button data-v-cbf88cb5="" class="remove">×</button></span><span data-v-cbf88cb5="" class="tag">Linux <button data-v-cbf88cb5="" class="remove">×</button></span></div><input data-v-cbf88cb5="" type="search" placeholder="Add operating systems (e.g., Windows, macOS, Linux)" id="personalProjectSkillsOperatingSystems-0" list="personalProjectSkillsOperatingSystems-0-datalist"><datalist data-v-cbf88cb5="" id="personalProjectSkillsOperatingSystems-0-datalist">
                      <option data-v-cbf88cb5="" value="MacOS"></option>
                    </datalist>
                  </div><label data-v-b9645e84="" for="personalProjectSkillsOperatingSystems-0">Operating systems</label><small data-v-b9645e84="" id="\`\${id}-helper\`" class="help-text">Enter all operating systems you are familiar with.</small>
                  <!--v-if-->
                </div>
                <div data-v-b9645e84="" class="form-field">
                  <div data-v-cbf88cb5="" data-v-b9645e84="" class="tag-input form-field__input" required="false" aria-labelledby="personalProjectSkillsDatabases-0" aria-describedby="personalProjectSkillsDatabases-0-helper" type="skills">
                    <div data-v-cbf88cb5="" class="tags"><span data-v-cbf88cb5="" class="tag">MongoDB <button data-v-cbf88cb5="" class="remove">×</button></span><span data-v-cbf88cb5="" class="tag">PostgreSQL <button data-v-cbf88cb5="" class="remove">×</button></span></div><input data-v-cbf88cb5="" type="search" placeholder="Add databases (e.g., MySQL, PostgreSQL, MongoDB)" id="personalProjectSkillsDatabases-0" list="personalProjectSkillsDatabases-0-datalist">
                    <!--v-if-->
                  </div><label data-v-b9645e84="" for="personalProjectSkillsDatabases-0">Databases</label><small data-v-b9645e84="" id="\`\${id}-helper\`" class="help-text">Enter all databases you are familiar with.</small>
                  <!--v-if-->
                </div>
                <div data-v-b9645e84="" class="form-field">
                  <div data-v-cbf88cb5="" data-v-b9645e84="" class="tag-input form-field__input" required="false" aria-labelledby="personalProjectSkillsTools-0" aria-describedby="personalProjectSkillsTools-0-helper" type="skills">
                    <div data-v-cbf88cb5="" class="tags"><span data-v-cbf88cb5="" class="tag">Git <button data-v-cbf88cb5="" class="remove">×</button></span><span data-v-cbf88cb5="" class="tag">Docker <button data-v-cbf88cb5="" class="remove">×</button></span></div><input data-v-cbf88cb5="" type="search" placeholder="Add tools (e.g., Git, Docker, Jenkins)" id="personalProjectSkillsTools-0" list="personalProjectSkillsTools-0-datalist">
                    <!--v-if-->
                  </div><label data-v-b9645e84="" for="personalProjectSkillsTools-0">Tools and libraries</label><small data-v-b9645e84="" id="\`\${id}-helper\`" class="help-text">Enter all tools you are familiar with.</small>
                  <!--v-if-->
                </div>
              </fieldset><button class="secondary" data-action="remove">Delete Personal Project</button>
            </details>
          </fieldset>
        </li>
        <li data-v-7fdf210c="" class="list-item list-item--column">
          <fieldset id="personalProject-1">
            <details name="job-curtain">
              <summary>
                <header>
                  <legend>Project 2</legend>
                </header>
              </summary>
              <div data-v-b9645e84="" class="form-field"><input data-v-b9645e84="" fieldtype="" id="personal-project-1" id-prop="" class="form-field__input" placeholder="Portfolio Website" required="" aria-labelledby="personal-project-1" aria-describedby="personal-project-1-helper" modelvalue="Project 2" value="Project 2"><label data-v-b9645e84="" for="personal-project-1">Title</label><small data-v-b9645e84="" id="\`\${id}-helper\`" class="help-text">Enter the title of the personal project.</small>
                <!--v-if-->
              </div>
              <fieldset>
                <header>
                  <legend>Period</legend>
                </header>
                <div data-v-b9645e84="" class="form-field"><input data-v-b9645e84="" fieldtype="" id="personalProjectStartDate-1" id-prop="" class="form-field__input" placeholder="01/2022" required="" aria-labelledby="personalProjectStartDate-1" aria-describedby="personalProjectStartDate-1-helper" type="date"><label data-v-b9645e84="" for="personalProjectStartDate-1">Start Date</label><small data-v-b9645e84="" id="\`\${id}-helper\`" class="help-text">Enter the start date of your job.</small>
                  <!--v-if-->
                </div>
                <div data-v-b9645e84="" class="form-field"><input data-v-b9645e84="" fieldtype="" id="personalProjectEndDate-1" id-prop="" class="form-field__input" placeholder="01/2024" aria-labelledby="personalProjectEndDate-1" aria-describedby="personalProjectEndDate-1-helper" type="date"><label data-v-b9645e84="" for="personalProjectEndDate-1">End Date</label><small data-v-b9645e84="" id="\`\${id}-helper\`" class="help-text">Enter the end date of your job.</small>
                  <!--v-if-->
                </div>
              </fieldset>
              <div data-v-b9645e84="" class="form-field"><textarea data-v-b9645e84="" fieldtype="" id="personalProjectDescription-1" id-prop="" class="form-field__input" placeholder="I worked on..." aria-labelledby="personalProjectDescription-1" aria-describedby="personalProjectDescription-1-helper" modelvalue="This was a very tough 5-minute project." type="textarea" value="This was a very tough 5-minute project."><!--v-if--></textarea><label data-v-b9645e84="" for="personalProjectDescription-1">Description</label><small data-v-b9645e84="" id="\`\${id}-helper\`" class="help-text">Enter a description of your role and responsibilities.</small>
                <!--v-if-->
              </div>
              <fieldset>
                <header>
                  <legend>Technical Skills</legend>
                </header>
                <div data-v-b9645e84="" class="form-field">
                  <div data-v-cbf88cb5="" data-v-b9645e84="" class="tag-input form-field__input" required="false" aria-labelledby="personalProjectSkillsLanguages-1" aria-describedby="personalProjectSkillsLanguages-1-helper" type="skills">
                    <div data-v-cbf88cb5="" class="tags"><span data-v-cbf88cb5="" class="tag">JavaScript <button data-v-cbf88cb5="" class="remove">×</button></span><span data-v-cbf88cb5="" class="tag">TypeScript <button data-v-cbf88cb5="" class="remove">×</button></span></div><input data-v-cbf88cb5="" type="search" placeholder="Add languages (e.g., JavaScript, Python)" id="personalProjectSkillsLanguages-1" list="personalProjectSkillsLanguages-1-datalist"><datalist data-v-cbf88cb5="" id="personalProjectSkillsLanguages-1-datalist">
                      <option data-v-cbf88cb5="" value="HTML"></option>
                      <option data-v-cbf88cb5="" value="CSS"></option>
                    </datalist>
                  </div><label data-v-b9645e84="" for="personalProjectSkillsLanguages-1">Programming, scripting, and markup languages</label><small data-v-b9645e84="" id="\`\${id}-helper\`" class="help-text">Enter all languages you are familiar with.</small>
                  <!--v-if-->
                </div>
                <div data-v-b9645e84="" class="form-field">
                  <div data-v-cbf88cb5="" data-v-b9645e84="" class="tag-input form-field__input" required="false" aria-labelledby="personalProjectSkillsFrameworks-1" aria-describedby="personalProjectSkillsFrameworks-1-helper" type="skills">
                    <div data-v-cbf88cb5="" class="tags"><span data-v-cbf88cb5="" class="tag">Vue.js <button data-v-cbf88cb5="" class="remove">×</button></span><span data-v-cbf88cb5="" class="tag">React <button data-v-cbf88cb5="" class="remove">×</button></span></div><input data-v-cbf88cb5="" type="search" placeholder="Add frameworks (e.g., Angular, Symfony, Laravel)" id="personalProjectSkillsFrameworks-1" list="personalProjectSkillsFrameworks-1-datalist">
                    <!--v-if-->
                  </div><label data-v-b9645e84="" for="personalProjectSkillsFrameworks-1">(Web) frameworks</label><small data-v-b9645e84="" id="\`\${id}-helper\`" class="help-text">Enter all frameworks you are familiar with.</small>
                  <!--v-if-->
                </div>
                <div data-v-b9645e84="" class="form-field">
                  <div data-v-cbf88cb5="" data-v-b9645e84="" class="tag-input form-field__input" required="false" aria-labelledby="personalProjectSkillsPlatforms-1" aria-describedby="personalProjectSkillsPlatforms-1-helper" type="skills">
                    <div data-v-cbf88cb5="" class="tags"><span data-v-cbf88cb5="" class="tag">Node.js <button data-v-cbf88cb5="" class="remove">×</button></span><span data-v-cbf88cb5="" class="tag">Docker <button data-v-cbf88cb5="" class="remove">×</button></span></div><input data-v-cbf88cb5="" type="search" placeholder="Add platforms (e.g., AWS, Azure, Docker)" id="personalProjectSkillsPlatforms-1" list="personalProjectSkillsPlatforms-1-datalist">
                    <!--v-if-->
                  </div><label data-v-b9645e84="" for="personalProjectSkillsPlatforms-1">Platforms</label><small data-v-b9645e84="" id="\`\${id}-helper\`" class="help-text">Enter all platforms you are familiar with.</small>
                  <!--v-if-->
                </div>
                <div data-v-b9645e84="" class="form-field">
                  <div data-v-cbf88cb5="" data-v-b9645e84="" class="tag-input form-field__input" required="false" aria-labelledby="personalProjectSkillsMethodologies-1" aria-describedby="personalProjectSkillsMethodologies-1-helper" type="skills">
                    <div data-v-cbf88cb5="" class="tags"><span data-v-cbf88cb5="" class="tag">Agile <button data-v-cbf88cb5="" class="remove">×</button></span><span data-v-cbf88cb5="" class="tag">Scrum <button data-v-cbf88cb5="" class="remove">×</button></span></div><input data-v-cbf88cb5="" type="search" placeholder="Add methodologies (e.g., Agile, Scrum, Kanban)" id="personalProjectSkillsMethodologies-1" list="personalProjectSkillsMethodologies-1-datalist">
                    <!--v-if-->
                  </div><label data-v-b9645e84="" for="personalProjectSkillsMethodologies-1">Methodologies and techniques</label><small data-v-b9645e84="" id="\`\${id}-helper\`" class="help-text">Enter all methodologies you are familiar with.</small>
                  <!--v-if-->
                </div>
                <div data-v-b9645e84="" class="form-field">
                  <div data-v-cbf88cb5="" data-v-b9645e84="" class="tag-input form-field__input" required="false" aria-labelledby="personalProjectSkillsOperatingSystems-1" aria-describedby="personalProjectSkillsOperatingSystems-1-helper" type="skills">
                    <div data-v-cbf88cb5="" class="tags"><span data-v-cbf88cb5="" class="tag">Windows <button data-v-cbf88cb5="" class="remove">×</button></span><span data-v-cbf88cb5="" class="tag">Linux <button data-v-cbf88cb5="" class="remove">×</button></span></div><input data-v-cbf88cb5="" type="search" placeholder="Add operating systems (e.g., Windows, macOS, Linux)" id="personalProjectSkillsOperatingSystems-1" list="personalProjectSkillsOperatingSystems-1-datalist"><datalist data-v-cbf88cb5="" id="personalProjectSkillsOperatingSystems-1-datalist">
                      <option data-v-cbf88cb5="" value="MacOS"></option>
                    </datalist>
                  </div><label data-v-b9645e84="" for="personalProjectSkillsOperatingSystems-1">Operating systems</label><small data-v-b9645e84="" id="\`\${id}-helper\`" class="help-text">Enter all operating systems you are familiar with.</small>
                  <!--v-if-->
                </div>
                <div data-v-b9645e84="" class="form-field">
                  <div data-v-cbf88cb5="" data-v-b9645e84="" class="tag-input form-field__input" required="false" aria-labelledby="personalProjectSkillsDatabases-1" aria-describedby="personalProjectSkillsDatabases-1-helper" type="skills">
                    <div data-v-cbf88cb5="" class="tags"><span data-v-cbf88cb5="" class="tag">MongoDB <button data-v-cbf88cb5="" class="remove">×</button></span><span data-v-cbf88cb5="" class="tag">PostgreSQL <button data-v-cbf88cb5="" class="remove">×</button></span></div><input data-v-cbf88cb5="" type="search" placeholder="Add databases (e.g., MySQL, PostgreSQL, MongoDB)" id="personalProjectSkillsDatabases-1" list="personalProjectSkillsDatabases-1-datalist">
                    <!--v-if-->
                  </div><label data-v-b9645e84="" for="personalProjectSkillsDatabases-1">Databases</label><small data-v-b9645e84="" id="\`\${id}-helper\`" class="help-text">Enter all databases you are familiar with.</small>
                  <!--v-if-->
                </div>
                <div data-v-b9645e84="" class="form-field">
                  <div data-v-cbf88cb5="" data-v-b9645e84="" class="tag-input form-field__input" required="false" aria-labelledby="personalProjectSkillsTools-1" aria-describedby="personalProjectSkillsTools-1-helper" type="skills">
                    <div data-v-cbf88cb5="" class="tags"><span data-v-cbf88cb5="" class="tag">Git <button data-v-cbf88cb5="" class="remove">×</button></span><span data-v-cbf88cb5="" class="tag">Docker <button data-v-cbf88cb5="" class="remove">×</button></span></div><input data-v-cbf88cb5="" type="search" placeholder="Add tools (e.g., Git, Docker, Jenkins)" id="personalProjectSkillsTools-1" list="personalProjectSkillsTools-1-datalist">
                    <!--v-if-->
                  </div><label data-v-b9645e84="" for="personalProjectSkillsTools-1">Tools and libraries</label><small data-v-b9645e84="" id="\`\${id}-helper\`" class="help-text">Enter all tools you are familiar with.</small>
                  <!--v-if-->
                </div>
              </fieldset><button class="secondary" data-action="remove">Delete Personal Project</button>
            </details>
          </fieldset>
        </li>
      </ul>
    </details>
  </fieldset>
</div>"
`;
